../Core/Src/main.c:109:13:LED_Set	1
../Core/Src/main.c:115:13:AS5047P_HasEvenParity	2
../Core/Src/main.c:126:13:AS5047P_Delay350ns	2
../Core/Src/main.c:138:13:AS5047P_ReadRegister	3
../Core/Src/main.c:176:13:AS5047P_ClearErrorRegister	1
../Core/Src/main.c:185:13:AS5047P_ReadAngle	4
../Core/Src/main.c:201:13:Encoder_StoreValidSample	1
../Core/Src/main.c:207:13:Encoder_StoreInvalidSample	2
../Core/Src/main.c:215:17:CRC16_CCITT	4
../Core/Src/main.c:234:13:PutU16LE	1
../Core/Src/main.c:240:13:PutU32LE	1
../Core/Src/main.c:248:13:UART_SendFrame	6
../Core/Src/main.c:291:13:Node_HasFault	4
../Core/Src/main.c:307:13:Foot_Update1kHz	3
../Core/Src/main.c:325:13:Node_UpdateLED	2
../Core/Src/main.c:334:13:Node_Tick1kHz	5
../Core/Src/main.c:369:6:HAL_TIM_PeriodElapsedCallback	3
../Core/Src/main.c:381:5:main	5
../Core/Src/main.c:423:6:SystemClock_Config	3
../Core/Src/main.c:454:13:MX_SPI1_Init	2
../Core/Src/main.c:475:13:MX_TIM3_Init	4
../Core/Src/main.c:502:13:MX_USART1_UART_Init	5
../Core/Src/main.c:529:13:MX_GPIO_Init	1
../Core/Src/main.c:552:6:Error_Handler	3
