../Core/Src/main.c:109:13:LED_Set	16	static
../Core/Src/main.c:115:13:AS5047P_HasEvenParity	24	static
../Core/Src/main.c:126:13:AS5047P_Delay350ns	16	static,ignoring_inline_asm
../Core/Src/main.c:138:13:AS5047P_ReadRegister	48	static
../Core/Src/main.c:176:13:AS5047P_ClearErrorRegister	24	static
../Core/Src/main.c:185:13:AS5047P_ReadAngle	32	static
../Core/Src/main.c:201:13:Encoder_StoreValidSample	16	static
../Core/Src/main.c:207:13:Encoder_StoreInvalidSample	16	static
../Core/Src/main.c:215:17:CRC16_CCITT	24	static
../Core/Src/main.c:234:13:PutU16LE	16	static
../Core/Src/main.c:240:13:PutU32LE	16	static
../Core/Src/main.c:248:13:UART_SendFrame	56	static
../Core/Src/main.c:291:13:Node_HasFault	16	static
../Core/Src/main.c:307:13:Foot_Update1kHz	16	static
../Core/Src/main.c:325:13:Node_UpdateLED	16	static
../Core/Src/main.c:334:13:Node_Tick1kHz	24	static
../Core/Src/main.c:369:6:HAL_TIM_PeriodElapsedCallback	16	static
../Core/Src/main.c:381:5:main	16	static,ignoring_inline_asm
../Core/Src/main.c:423:6:SystemClock_Config	88	static
../Core/Src/main.c:454:13:MX_SPI1_Init	8	static
../Core/Src/main.c:475:13:MX_TIM3_Init	40	static
../Core/Src/main.c:502:13:MX_USART1_UART_Init	8	static
../Core/Src/main.c:529:13:MX_GPIO_Init	48	static
../Core/Src/main.c:552:6:Error_Handler	48	static,ignoring_inline_asm
