Archive member included to satisfy reference by file (symbol)

C:/ST/STM32CubeIDE_1.19.0/STM32CubeIDE/plugins/com.st.stm32cube.ide.mcu.externaltools.gnu-tools-for-stm32.13.3.rel1.win32_1.0.0.202411081344/tools/bin/../lib/gcc/arm-none-eabi/13.3.1/../../../../arm-none-eabi/lib/thumb/v6-m/nofp\libc_nano.a(libc_a-exit.o)
                              C:/ST/STM32CubeIDE_1.19.0/STM32CubeIDE/plugins/com.st.stm32cube.ide.mcu.externaltools.gnu-tools-for-stm32.13.3.rel1.win32_1.0.0.202411081344/tools/bin/../lib/gcc/arm-none-eabi/13.3.1/../../../../arm-none-eabi/lib/thumb/v6-m/nofp/crt0.o (exit)
C:/ST/STM32CubeIDE_1.19.0/STM32CubeIDE/plugins/com.st.stm32cube.ide.mcu.externaltools.gnu-tools-for-stm32.13.3.rel1.win32_1.0.0.202411081344/tools/bin/../lib/gcc/arm-none-eabi/13.3.1/../../../../arm-none-eabi/lib/thumb/v6-m/nofp\libc_nano.a(libc_a-findfp.o)
                              C:/ST/STM32CubeIDE_1.19.0/STM32CubeIDE/plugins/com.st.stm32cube.ide.mcu.externaltools.gnu-tools-for-stm32.13.3.rel1.win32_1.0.0.202411081344/tools/bin/../lib/gcc/arm-none-eabi/13.3.1/../../../../arm-none-eabi/lib/thumb/v6-m/nofp\libc_nano.a(libc_a-exit.o) (__stdio_exit_handler)
C:/ST/STM32CubeIDE_1.19.0/STM32CubeIDE/plugins/com.st.stm32cube.ide.mcu.externaltools.gnu-tools-for-stm32.13.3.rel1.win32_1.0.0.202411081344/tools/bin/../lib/gcc/arm-none-eabi/13.3.1/../../../../arm-none-eabi/lib/thumb/v6-m/nofp\libc_nano.a(libc_a-fwalk.o)
                              C:/ST/STM32CubeIDE_1.19.0/STM32CubeIDE/plugins/com.st.stm32cube.ide.mcu.externaltools.gnu-tools-for-stm32.13.3.rel1.win32_1.0.0.202411081344/tools/bin/../lib/gcc/arm-none-eabi/13.3.1/../../../../arm-none-eabi/lib/thumb/v6-m/nofp\libc_nano.a(libc_a-findfp.o) (_fwalk_sglue)
C:/ST/STM32CubeIDE_1.19.0/STM32CubeIDE/plugins/com.st.stm32cube.ide.mcu.externaltools.gnu-tools-for-stm32.13.3.rel1.win32_1.0.0.202411081344/tools/bin/../lib/gcc/arm-none-eabi/13.3.1/../../../../arm-none-eabi/lib/thumb/v6-m/nofp\libc_nano.a(libc_a-stdio.o)
                              C:/ST/STM32CubeIDE_1.19.0/STM32CubeIDE/plugins/com.st.stm32cube.ide.mcu.externaltools.gnu-tools-for-stm32.13.3.rel1.win32_1.0.0.202411081344/tools/bin/../lib/gcc/arm-none-eabi/13.3.1/../../../../arm-none-eabi/lib/thumb/v6-m/nofp\libc_nano.a(libc_a-findfp.o) (__sread)
C:/ST/STM32CubeIDE_1.19.0/STM32CubeIDE/plugins/com.st.stm32cube.ide.mcu.externaltools.gnu-tools-for-stm32.13.3.rel1.win32_1.0.0.202411081344/tools/bin/../lib/gcc/arm-none-eabi/13.3.1/../../../../arm-none-eabi/lib/thumb/v6-m/nofp\libc_nano.a(libc_a-memset.o)
                              C:/ST/STM32CubeIDE_1.19.0/STM32CubeIDE/plugins/com.st.stm32cube.ide.mcu.externaltools.gnu-tools-for-stm32.13.3.rel1.win32_1.0.0.202411081344/tools/bin/../lib/gcc/arm-none-eabi/13.3.1/../../../../arm-none-eabi/lib/thumb/v6-m/nofp/crt0.o (memset)
C:/ST/STM32CubeIDE_1.19.0/STM32CubeIDE/plugins/com.st.stm32cube.ide.mcu.externaltools.gnu-tools-for-stm32.13.3.rel1.win32_1.0.0.202411081344/tools/bin/../lib/gcc/arm-none-eabi/13.3.1/../../../../arm-none-eabi/lib/thumb/v6-m/nofp\libc_nano.a(libc_a-closer.o)
                              C:/ST/STM32CubeIDE_1.19.0/STM32CubeIDE/plugins/com.st.stm32cube.ide.mcu.externaltools.gnu-tools-for-stm32.13.3.rel1.win32_1.0.0.202411081344/tools/bin/../lib/gcc/arm-none-eabi/13.3.1/../../../../arm-none-eabi/lib/thumb/v6-m/nofp\libc_nano.a(libc_a-stdio.o) (_close_r)
C:/ST/STM32CubeIDE_1.19.0/STM32CubeIDE/plugins/com.st.stm32cube.ide.mcu.externaltools.gnu-tools-for-stm32.13.3.rel1.win32_1.0.0.202411081344/tools/bin/../lib/gcc/arm-none-eabi/13.3.1/../../../../arm-none-eabi/lib/thumb/v6-m/nofp\libc_nano.a(libc_a-reent.o)
                              C:/ST/STM32CubeIDE_1.19.0/STM32CubeIDE/plugins/com.st.stm32cube.ide.mcu.externaltools.gnu-tools-for-stm32.13.3.rel1.win32_1.0.0.202411081344/tools/bin/../lib/gcc/arm-none-eabi/13.3.1/../../../../arm-none-eabi/lib/thumb/v6-m/nofp\libc_nano.a(libc_a-closer.o) (errno)
C:/ST/STM32CubeIDE_1.19.0/STM32CubeIDE/plugins/com.st.stm32cube.ide.mcu.externaltools.gnu-tools-for-stm32.13.3.rel1.win32_1.0.0.202411081344/tools/bin/../lib/gcc/arm-none-eabi/13.3.1/../../../../arm-none-eabi/lib/thumb/v6-m/nofp\libc_nano.a(libc_a-impure.o)
                              C:/ST/STM32CubeIDE_1.19.0/STM32CubeIDE/plugins/com.st.stm32cube.ide.mcu.externaltools.gnu-tools-for-stm32.13.3.rel1.win32_1.0.0.202411081344/tools/bin/../lib/gcc/arm-none-eabi/13.3.1/../../../../arm-none-eabi/lib/thumb/v6-m/nofp\libc_nano.a(libc_a-reent.o) (_impure_ptr)
C:/ST/STM32CubeIDE_1.19.0/STM32CubeIDE/plugins/com.st.stm32cube.ide.mcu.externaltools.gnu-tools-for-stm32.13.3.rel1.win32_1.0.0.202411081344/tools/bin/../lib/gcc/arm-none-eabi/13.3.1/../../../../arm-none-eabi/lib/thumb/v6-m/nofp\libc_nano.a(libc_a-lseekr.o)
[...]
Memory Configuration

Name             Origin             Length             Attributes
RAM              0x20000000         0x00002000         xrw
FLASH            0x08000000         0x00008000         xr
*default*        0x00000000         0xffffffff

Linker script and memory map

LOAD C:/ST/STM32CubeIDE_1.19.0/STM32CubeIDE/plugins/com.st.stm32cube.ide.mcu.externaltools.gnu-tools-for-stm32.13.3.rel1.win32_1.0.0.202411081344/tools/bin/../lib/gcc/arm-none-eabi/13.3.1/thumb/v6-m/nofp/crti.o
LOAD C:/ST/STM32CubeIDE_1.19.0/STM32CubeIDE/plugins/com.st.stm32cube.ide.mcu.externaltools.gnu-tools-for-stm32.13.3.rel1.win32_1.0.0.202411081344/tools/bin/../lib/gcc/arm-none-eabi/13.3.1/thumb/v6-m/nofp/crtbegin.o
LOAD C:/ST/STM32CubeIDE_1.19.0/STM32CubeIDE/plugins/com.st.stm32cube.ide.mcu.externaltools.gnu-tools-for-stm32.13.3.rel1.win32_1.0.0.202411081344/tools/bin/../lib/gcc/arm-none-eabi/13.3.1/../../../../arm-none-eabi/lib/thumb/v6-m/nofp/crt0.o
LOAD ./Core/Src/main.o
LOAD ./Core/Src/stm32g0xx_hal_msp.o
LOAD ./Core/Src/stm32g0xx_it.o
LOAD ./Core/Src/syscalls.o
LOAD ./Core/Src/sysmem.o
LOAD ./Core/Src/system_stm32g0xx.o
LOAD ./Core/Startup/startup_stm32g030f6px.o
LOAD ./Drivers/STM32G0xx_HAL_Driver/stm32g0xx_hal.o
LOAD ./Drivers/STM32G0xx_HAL_Driver/stm32g0xx_hal_cortex.o
LOAD ./Drivers/STM32G0xx_HAL_Driver/stm32g0xx_hal_dma.o
LOAD ./Drivers/STM32G0xx_HAL_Driver/stm32g0xx_hal_dma_ex.o
LOAD ./Drivers/STM32G0xx_HAL_Driver/stm32g0xx_hal_exti.o
LOAD ./Drivers/STM32G0xx_HAL_Driver/stm32g0xx_hal_flash.o
LOAD ./Drivers/STM32G0xx_HAL_Driver/stm32g0xx_hal_flash_ex.o
LOAD ./Drivers/STM32G0xx_HAL_Driver/stm32g0xx_hal_gpio.o
LOAD ./Drivers/STM32G0xx_HAL_Driver/stm32g0xx_hal_pwr.o
LOAD ./Drivers/STM32G0xx_HAL_Driver/stm32g0xx_hal_pwr_ex.o
LOAD ./Drivers/STM32G0xx_HAL_Driver/stm32g0xx_hal_rcc.o
LOAD ./Drivers/STM32G0xx_HAL_Driver/stm32g0xx_hal_rcc_ex.o
LOAD ./Drivers/STM32G0xx_HAL_Driver/stm32g0xx_hal_spi.o
LOAD ./Drivers/STM32G0xx_HAL_Driver/stm32g0xx_hal_spi_ex.o
LOAD ./Drivers/STM32G0xx_HAL_Driver/stm32g0xx_hal_tim.o
LOAD ./Drivers/STM32G0xx_HAL_Driver/stm32g0xx_hal_tim_ex.o
LOAD ./Drivers/STM32G0xx_HAL_Driver/stm32g0xx_hal_uart.o
LOAD ./Drivers/STM32G0xx_HAL_Driver/stm32g0xx_hal_uart_ex.o
LOAD ./Drivers/STM32G0xx_HAL_Driver/stm32g0xx_ll_rcc.o
START GROUP
LOAD C:/ST/STM32CubeIDE_1.19.0/STM32CubeIDE/plugins/com.st.stm32cube.ide.mcu.externaltools.gnu-tools-for-stm32.13.3.rel1.win32_1.0.0.202411081344/tools/bin/../lib/gcc/arm-none-eabi/13.3.1/../../../../arm-none-eabi/lib/thumb/v6-m/nofp\libc_nano.a
LOAD C:/ST/STM32CubeIDE_1.19.0/STM32CubeIDE/plugins/com.st.stm32cube.ide.mcu.externaltools.gnu-tools-for-stm32.13.3.rel1.win32_1.0.0.202411081344/tools/bin/../lib/gcc/arm-none-eabi/13.3.1/../../../../arm-none-eabi/lib/thumb/v6-m/nofp\libm.a
END GROUP
START GROUP
LOAD C:/ST/STM32CubeIDE_1.19.0/STM32CubeIDE/plugins/com.st.stm32cube.ide.mcu.externaltools.gnu-tools-for-stm32.13.3.rel1.win32_1.0.0.202411081344/tools/bin/../lib/gcc/arm-none-eabi/13.3.1/thumb/v6-m/nofp\libgcc.a
LOAD C:/ST/STM32CubeIDE_1.19.0/STM32CubeIDE/plugins/com.st.stm32cube.ide.mcu.externaltools.gnu-tools-for-stm32.13.3.rel1.win32_1.0.0.202411081344/tools/bin/../lib/gcc/arm-none-eabi/13.3.1/../../../../arm-none-eabi/lib/thumb/v6-m/nofp\libc_nano.a
END GROUP
START GROUP
LOAD C:/ST/STM32CubeIDE_1.19.0/STM32CubeIDE/plugins/com.st.stm32cube.ide.mcu.externaltools.gnu-tools-for-stm32.13.3.rel1.win32_1.0.0.202411081344/tools/bin/../lib/gcc/arm-none-eabi/13.3.1/thumb/v6-m/nofp\libgcc.a
LOAD C:/ST/STM32CubeIDE_1.19.0/STM32CubeIDE/plugins/com.st.stm32cube.ide.mcu.externaltools.gnu-tools-for-stm32.13.3.rel1.win32_1.0.0.202411081344/tools/bin/../lib/gcc/arm-none-eabi/13.3.1/../../../../arm-none-eabi/lib/thumb/v6-m/nofp\libc_nano.a
LOAD C:/ST/STM32CubeIDE_1.19.0/STM32CubeIDE/plugins/com.st.stm32cube.ide.mcu.externaltools.gnu-tools-for-stm32.13.3.rel1.win32_1.0.0.202411081344/tools/bin/../lib/gcc/arm-none-eabi/13.3.1/../../../../arm-none-eabi/lib/thumb/v6-m/nofp\libnosys.a
END GROUP
START GROUP
LOAD C:/ST/STM32CubeIDE_1.19.0/STM32CubeIDE/plugins/com.st.stm32cube.ide.mcu.externaltools.gnu-tools-for-stm32.13.3.rel1.win32_1.0.0.202411081344/tools/bin/../lib/gcc/arm-none-eabi/13.3.1/thumb/v6-m/nofp\libgcc.a
LOAD C:/ST/STM32CubeIDE_1.19.0/STM32CubeIDE/plugins/com.st.stm32cube.ide.mcu.externaltools.gnu-tools-for-stm32.13.3.rel1.win32_1.0.0.202411081344/tools/bin/../lib/gcc/arm-none-eabi/13.3.1/../../../../arm-none-eabi/lib/thumb/v6-m/nofp\libc_nano.a
LOAD C:/ST/STM32CubeIDE_1.19.0/STM32CubeIDE/plugins/com.st.stm32cube.ide.mcu.externaltools.gnu-tools-for-stm32.13.3.rel1.win32_1.0.0.202411081344/tools/bin/../lib/gcc/arm-none-eabi/13.3.1/../../../../arm-none-eabi/lib/thumb/v6-m/nofp\libnosys.a
END GROUP
LOAD C:/ST/STM32CubeIDE_1.19.0/STM32CubeIDE/plugins/com.st.stm32cube.ide.mcu.externaltools.gnu-tools-for-stm32.13.3.rel1.win32_1.0.0.202411081344/tools/bin/../lib/gcc/arm-none-eabi/13.3.1/thumb/v6-m/nofp/crtend.o
LOAD C:/ST/STM32CubeIDE_1.19.0/STM32CubeIDE/plugins/com.st.stm32cube.ide.mcu.externaltools.gnu-tools-for-stm32.13.3.rel1.win32_1.0.0.202411081344/tools/bin/../lib/gcc/arm-none-eabi/13.3.1/thumb/v6-m/nofp/crtn.o
                0x20002000                        _estack = (ORIGIN (RAM) + LENGTH (RAM))
                0x00000200                        _Min_Heap_Size = 0x200
                0x00000400                        _Min_Stack_Size = 0x400

.isr_vector     0x08000000       0xb8
                0x08000000                        . = ALIGN (0x4)
 *(.isr_vector)
 .isr_vector    0x08000000       0xb8 ./Core/Startup/startup_stm32g030f6px.o
                0x08000000                g_pfnVectors
                0x080000b8                        . = ALIGN (0x4)

.text           0x080000b8     0x4144
                0x080000b8                        . = ALIGN (0x4)
 *(.text)
 .text          0x080000b8       0x48 C:/ST/STM32CubeIDE_1.19.0/STM32CubeIDE/plugins/com.st.stm32cube.ide.mcu.externaltools.gnu-tools-for-stm32.13.3.rel1.win32_1.0.0.202411081344/tools/bin/../lib/gcc/arm-none-eabi/13.3.1/thumb/v6-m/nofp/crtbegin.o
 .text          0x08000100      0x114 C:/ST/STM32CubeIDE_1.19.0/STM32CubeIDE/plugins/com.st.stm32cube.ide.mcu.externaltools.gnu-tools-for-stm32.13.3.rel1.win32_1.0.0.202411081344/tools/bin/../lib/gcc/arm-none-eabi/13.3.1/thumb/v6-m/nofp\libgcc.a(_udivsi3.o)
                0x08000100                __aeabi_uidiv
                0x08000100                __udivsi3
                0x0800020c                __aeabi_uidivmod
 .text          0x08000214      0x1d4 C:/ST/STM32CubeIDE_1.19.0/STM32CubeIDE/plugins/com.st.stm32cube.ide.mcu.externaltools.gnu-tools-for-stm32.13.3.rel1.win32_1.0.0.202411081344/tools/bin/../lib/gcc/arm-none-eabi/13.3.1/thumb/v6-m/nofp\libgcc.a(_divsi3.o)
                0x08000214                __divsi3
                0x08000214                __aeabi_idiv
                0x080003e0                __aeabi_idivmod
 .text          0x080003e8        0x4 C:/ST/STM32CubeIDE_1.19.0/STM32CubeIDE/plugins/com.st.stm32cube.ide.mcu.externaltools.gnu-tools-for-stm32.13.3.rel1.win32_1.0.0.202411081344/tools/bin/../lib/gcc/arm-none-eabi/13.3.1/thumb/v6-m/nofp\libgcc.a(_dvmd_tls.o)
                0x080003e8                __aeabi_idiv0
                0x080003e8                __aeabi_ldiv0
 *(.text*)
 .text.LED_Set  0x080003ec       0x2c ./Core/Src/main.o
 .text.AS5047P_HasEvenParity
                0x08000418       0x6c ./Core/Src/main.o
 .text.AS5047P_Delay350ns
                0x08000484       0x24 ./Core/Src/main.o
 .text.AS5047P_ReadRegister
                0x080004a8      0x114 ./Core/Src/main.o
 .text.AS5047P_ClearErrorRegister
                0x080005bc       0x28 ./Core/Src/main.o
 .text.AS5047P_ReadAngle
                0x080005e4       0x7c ./Core/Src/main.o
 .text.Encoder_StoreValidSample
                0x08000660       0x24 ./Core/Src/main.o
 .text.Encoder_StoreInvalidSample
                0x08000684       0x24 ./Core/Src/main.o
 .text.CRC16_CCITT
                0x080006a8       0xbc ./Core/Src/main.o
 .text.PutU16LE
                0x08000764       0x30 ./Core/Src/main.o
 .text.PutU32LE
                0x08000794       0x3e ./Core/Src/main.o
 *fill*         0x080007d2        0x2 
 .text.UART_SendFrame
                0x080007d4      0x190 ./Core/Src/main.o
 .text.Node_HasFault
                0x08000964       0x54 ./Core/Src/main.o
 .text.Foot_Update1kHz
                0x080009b8       0x6c ./Core/Src/main.o
 .text.Node_UpdateLED
                0x08000a24       0x50 ./Core/Src/main.o
 .text.Node_Tick1kHz
                0x08000a74       0xf0 ./Core/Src/main.o
 .text.HAL_TIM_PeriodElapsedCallback
                0x08000b64       0x34 ./Core/Src/main.o
                0x08000b64                HAL_TIM_PeriodElapsedCallback
 .text.main     0x08000b98       0xbc ./Core/Src/main.o
                0x08000b98                main
 .text.SystemClock_Config
                0x08000c54       0xb4 ./Core/Src/main.o
                0x08000c54                SystemClock_Config
 .text.MX_SPI1_Init
                0x08000d08       0x7c ./Core/Src/main.o
 .text.MX_TIM3_Init
                0x08000d84       0xac ./Core/Src/main.o
 .text.MX_USART1_UART_Init
                0x08000e30       0x9c ./Core/Src/main.o
 .text.MX_GPIO_Init
                0x08000ecc       0xac ./Core/Src/main.o
 .text.Error_Handler
                0x08000f78       0xac ./Core/Src/main.o
                0x08000f78                Error_Handler
 .text.HAL_MspInit
                0x08001024       0x48 ./Core/Src/stm32g0xx_hal_msp.o
                0x08001024                HAL_MspInit
 .text.HAL_SPI_MspInit
                0x0800106c       0x94 ./Core/Src/stm32g0xx_hal_msp.o
                0x0800106c                HAL_SPI_MspInit
 .text.HAL_TIM_Base_MspInit
                0x08001100       0x4c ./Core/Src/stm32g0xx_hal_msp.o
                0x08001100                HAL_TIM_Base_MspInit
 .text.HAL_UART_MspInit
                0x0800114c       0xc4 ./Core/Src/stm32g0xx_hal_msp.o
                0x0800114c                HAL_UART_MspInit
 .text.NMI_Handler
                0x08001210        0x8 ./Core/Src/stm32g0xx_it.o
                0x08001210                NMI_Handler
 .text.HardFault_Handler
                0x08001218        0x8 ./Core/Src/stm32g0xx_it.o
                0x08001218                HardFault_Handler
 .text.SVC_Handler
                0x08001220        0xa ./Core/Src/stm32g0xx_it.o
                0x08001220                SVC_Handler
 .text.PendSV_Handler
                0x0800122a        0xa ./Core/Src/stm32g0xx_it.o
                0x0800122a                PendSV_Handler
 .text.SysTick_Handler
                0x08001234        0xe ./Core/Src/stm32g0xx_it.o
                0x08001234                SysTick_Handler
 *fill*         0x08001242        0x2 
 .text.TIM3_IRQHandler
                0x08001244       0x18 ./Core/Src/stm32g0xx_it.o
                0x08001244                TIM3_IRQHandler
 .text.SystemInit
                0x0800125c        0xa ./Core/Src/system_stm32g0xx.o
                0x0800125c                SystemInit
 *fill*         0x08001266        0x2 
 .text.Reset_Handler
                0x08001268       0x50 ./Core/Startup/startup_stm32g030f6px.o
                0x08001268                Reset_Handler
 .text.Default_Handler
                0x080012b8        0x2 ./Core/Startup/startup_stm32g030f6px.o
                0x080012b8                TIM1_CC_IRQHandler
                0x080012b8                I2C1_IRQHandler
                0x080012b8                RTC_TAMP_IRQHandler
                0x080012b8                SPI1_IRQHandler
                0x080012b8                DMA1_Ch4_5_DMAMUX1_OVR_IRQHandler
                0x080012b8                EXTI2_3_IRQHandler
                0x080012b8                ADC1_IRQHandler
                0x080012b8                I2C2_IRQHandler
                0x080012b8                TIM17_IRQHandler
                0x080012b8                TIM16_IRQHandler
                0x080012b8                EXTI4_15_IRQHandler
                0x080012b8                RCC_IRQHandler
                0x080012b8                DMA1_Channel1_IRQHandler
                0x080012b8                Default_Handler
                0x080012b8                TIM14_IRQHandler
                0x080012b8                EXTI0_1_IRQHandler
                0x080012b8                SPI2_IRQHandler
                0x080012b8                WWDG_IRQHandler
                0x080012b8                DMA1_Channel2_3_IRQHandler
                0x080012b8                USART2_IRQHandler
                0x080012b8                FLASH_IRQHandler
                0x080012b8                USART1_IRQHandler
                0x080012b8                TIM1_BRK_UP_TRG_COM_IRQHandler
 *fill*         0x080012ba        0x2 
 .text.HAL_Init
                0x080012bc       0x40 ./Drivers/STM32G0xx_HAL_Driver/stm32g0xx_hal.o
                0x080012bc                HAL_Init
 .text.HAL_InitTick
                0x080012fc       0x94 ./Drivers/STM32G0xx_HAL_Driver/stm32g0xx_hal.o
                0x080012fc                HAL_InitTick
 .text.HAL_IncTick
                0x08001390       0x24 ./Drivers/STM32G0xx_HAL_Driver/stm32g0xx_hal.o
                0x08001390                HAL_IncTick
 .text.HAL_GetTick
                0x080013b4       0x14 ./Drivers/STM32G0xx_HAL_Driver/stm32g0xx_hal.o
                0x080013b4                HAL_GetTick
 .text.HAL_Delay
                0x080013c8       0x48 ./Drivers/STM32G0xx_HAL_Driver/stm32g0xx_hal.o
                0x080013c8                HAL_Delay
 .text.__NVIC_EnableIRQ
                0x08001410       0x34 ./Drivers/STM32G0xx_HAL_Driver/stm32g0xx_hal_cortex.o
 .text.__NVIC_SetPriority
                0x08001444       0xdc ./Drivers/STM32G0xx_HAL_Driver/stm32g0xx_hal_cortex.o
 .text.SysTick_Config
                0x08001520       0x48 ./Drivers/STM32G0xx_HAL_Driver/stm32g0xx_hal_cortex.o
 .text.HAL_NVIC_SetPriority
                0x08001568       0x2a ./Drivers/STM32G0xx_HAL_Driver/stm32g0xx_hal_cortex.o
                0x08001568                HAL_NVIC_SetPriority
 .text.HAL_NVIC_EnableIRQ
                0x08001592       0x20 ./Drivers/STM32G0xx_HAL_Driver/stm32g0xx_hal_cortex.o
                0x08001592                HAL_NVIC_EnableIRQ
 .text.HAL_SYSTICK_Config
                0x080015b2       0x1a ./Drivers/STM32G0xx_HAL_Driver/stm32g0xx_hal_cortex.o
                0x080015b2                HAL_SYSTICK_Config
 .text.HAL_GPIO_Init
                0x080015cc      0x2c8 ./Drivers/STM32G0xx_HAL_Driver/stm32g0xx_hal_gpio.o
                0x080015cc                HAL_GPIO_Init
 .text.HAL_GPIO_ReadPin
                0x08001894       0x3a ./Drivers/STM32G0xx_HAL_Driver/stm32g0xx_hal_gpio.o
                0x08001894                HAL_GPIO_ReadPin
 .text.HAL_GPIO_WritePin
                0x080018ce       0x3a ./Drivers/STM32G0xx_HAL_Driver/stm32g0xx_hal_gpio.o
                0x080018ce                HAL_GPIO_WritePin
 .text.HAL_PWREx_ControlVoltageScaling
                0x08001908       0x80 ./Drivers/STM32G0xx_HAL_Driver/stm32g0xx_hal_pwr_ex.o
                0x08001908                HAL_PWREx_ControlVoltageScaling
 .text.LL_RCC_GetAPB1Prescaler
                0x08001988       0x18 ./Drivers/STM32G0xx_HAL_Driver/stm32g0xx_hal_rcc.o
 .text.HAL_RCC_OscConfig
                0x080019a0      0x620 ./Drivers/STM32G0xx_HAL_Driver/stm32g0xx_hal_rcc.o
                0x080019a0                HAL_RCC_OscConfig
 .text.HAL_RCC_ClockConfig
                0x08001fc0      0x210 ./Drivers/STM32G0xx_HAL_Driver/stm32g0xx_hal_rcc.o
                0x08001fc0                HAL_RCC_ClockConfig
 .text.HAL_RCC_GetSysClockFreq
                0x080021d0      0x104 ./Drivers/STM32G0xx_HAL_Driver/stm32g0xx_hal_rcc.o
                0x080021d0                HAL_RCC_GetSysClockFreq
 .text.HAL_RCC_GetHCLKFreq
                0x080022d4       0x14 ./Drivers/STM32G0xx_HAL_Driver/stm32g0xx_hal_rcc.o
                0x080022d4                HAL_RCC_GetHCLKFreq
 .text.HAL_RCC_GetPCLK1Freq
                0x080022e8       0x2c ./Drivers/STM32G0xx_HAL_Driver/stm32g0xx_hal_rcc.o
                0x080022e8                HAL_RCC_GetPCLK1Freq
 .text.HAL_RCCEx_PeriphCLKConfig
                0x08002314      0x24c ./Drivers/STM32G0xx_HAL_Driver/stm32g0xx_hal_rcc_ex.o
                0x08002314                HAL_RCCEx_PeriphCLKConfig
 .text.HAL_SPI_Init
                0x08002560      0x170 ./Drivers/STM32G0xx_HAL_Driver/stm32g0xx_hal_spi.o
                0x08002560                HAL_SPI_Init
 .text.HAL_SPI_TransmitReceive
                0x080026d0      0x3ac ./Drivers/STM32G0xx_HAL_Driver/stm32g0xx_hal_spi.o
                0x080026d0                HAL_SPI_TransmitReceive
 .text.SPI_WaitFlagStateUntilTimeout
                0x08002a7c      0x11c ./Drivers/STM32G0xx_HAL_Driver/stm32g0xx_hal_spi.o
 .text.SPI_WaitFifoStateUntilTimeout
                0x08002b98      0x144 ./Drivers/STM32G0xx_HAL_Driver/stm32g0xx_hal_spi.o
 .text.SPI_EndRxTxTransaction
                0x08002cdc       0x8c ./Drivers/STM32G0xx_HAL_Driver/stm32g0xx_hal_spi.o
 .text.HAL_TIM_Base_Init
                0x08002d68       0xb0 ./Drivers/STM32G0xx_HAL_Driver/stm32g0xx_hal_tim.o
                0x08002d68                HAL_TIM_Base_Init
 .text.HAL_TIM_Base_Start_IT
                0x08002e18       0x9c ./Drivers/STM32G0xx_HAL_Driver/stm32g0xx_hal_tim.o
                0x08002e18                HAL_TIM_Base_Start_IT
 .text.HAL_TIM_IRQHandler
                0x08002eb4      0x210 ./Drivers/STM32G0xx_HAL_Driver/stm32g0xx_hal_tim.o
                0x08002eb4                HAL_TIM_IRQHandler
 .text.HAL_TIM_ConfigClockSource
                0x080030c4      0x1ac ./Drivers/STM32G0xx_HAL_Driver/stm32g0xx_hal_tim.o
                0x080030c4                HAL_TIM_ConfigClockSource
 .text.HAL_TIM_OC_DelayElapsedCallback
                0x08003270       0x10 ./Drivers/STM32G0xx_HAL_Driver/stm32g0xx_hal_tim.o
                0x08003270                HAL_TIM_OC_DelayElapsedCallback
 .text.HAL_TIM_IC_CaptureCallback
                0x08003280       0x10 ./Drivers/STM32G0xx_HAL_Driver/stm32g0xx_hal_tim.o
                0x08003280                HAL_TIM_IC_CaptureCallback
 .text.HAL_TIM_PWM_PulseFinishedCallback
                0x08003290       0x10 ./Drivers/STM32G0xx_HAL_Driver/stm32g0xx_hal_tim.o
                0x08003290                HAL_TIM_PWM_PulseFinishedCallback
 .text.HAL_TIM_TriggerCallback
                0x080032a0       0x10 ./Drivers/STM32G0xx_HAL_Driver/stm32g0xx_hal_tim.o
                0x080032a0                HAL_TIM_TriggerCallback
 .text.TIM_Base_SetConfig
                0x080032b0       0xec ./Drivers/STM32G0xx_HAL_Driver/stm32g0xx_hal_tim.o
                0x080032b0                TIM_Base_SetConfig
 .text.TIM_TI1_ConfigInputStage
                0x0800339c       0x90 ./Drivers/STM32G0xx_HAL_Driver/stm32g0xx_hal_tim.o
 .text.TIM_TI2_ConfigInputStage
                0x0800342c       0x7c ./Drivers/STM32G0xx_HAL_Driver/stm32g0xx_hal_tim.o
 .text.TIM_ITRx_SetConfig
                0x080034a8       0x38 ./Drivers/STM32G0xx_HAL_Driver/stm32g0xx_hal_tim.o
 .text.TIM_ETR_SetConfig
                0x080034e0       0x40 ./Drivers/STM32G0xx_HAL_Driver/stm32g0xx_hal_tim.o
                0x080034e0                TIM_ETR_SetConfig
 .text.HAL_TIMEx_MasterConfigSynchronization
                0x08003520       0xc4 ./Drivers/STM32G0xx_HAL_Driver/stm32g0xx_hal_tim_ex.o
                0x08003520                HAL_TIMEx_MasterConfigSynchronization
 .text.HAL_TIMEx_CommutCallback
                0x080035e4       0x10 ./Drivers/STM32G0xx_HAL_Driver/stm32g0xx_hal_tim_ex.o
                0x080035e4                HAL_TIMEx_CommutCallback
 .text.HAL_TIMEx_BreakCallback
                0x080035f4       0x10 ./Drivers/STM32G0xx_HAL_Driver/stm32g0xx_hal_tim_ex.o
                0x080035f4                HAL_TIMEx_BreakCallback
 .text.HAL_TIMEx_Break2Callback
                0x08003604       0x10 ./Drivers/STM32G0xx_HAL_Driver/stm32g0xx_hal_tim_ex.o
                0x08003604                HAL_TIMEx_Break2Callback
 .text.HAL_UART_Init
                0x08003614       0xac ./Drivers/STM32G0xx_HAL_Driver/stm32g0xx_hal_uart.o
                0x08003614                HAL_UART_Init
 .text.HAL_UART_Transmit
                0x080036c0      0x15c ./Drivers/STM32G0xx_HAL_Driver/stm32g0xx_hal_uart.o
                0x080036c0                HAL_UART_Transmit
 .text.UART_SetConfig
                0x0800381c      0x2d4 ./Drivers/STM32G0xx_HAL_Driver/stm32g0xx_hal_uart.o
                0x0800381c                UART_SetConfig
 .text.UART_AdvFeatureConfig
                0x08003af0      0x168 ./Drivers/STM32G0xx_HAL_Driver/stm32g0xx_hal_uart.o
                0x08003af0                UART_AdvFeatureConfig
 .text.UART_CheckIdleState
                0x08003c58      0x154 ./Drivers/STM32G0xx_HAL_Driver/stm32g0xx_hal_uart.o
                0x08003c58                UART_CheckIdleState
 .text.UART_WaitOnFlagUntilTimeout
                0x08003dac       0xde ./Drivers/STM32G0xx_HAL_Driver/stm32g0xx_hal_uart.o
                0x08003dac                UART_WaitOnFlagUntilTimeout
 *fill*         0x08003e8a        0x2 
 .text.UART_EndRxTransfer
                0x08003e8c       0xcc ./Drivers/STM32G0xx_HAL_Driver/stm32g0xx_hal_uart.o
 .text.HAL_UARTEx_DisableFifoMode
                0x08003f58       0x74 ./Drivers/STM32G0xx_HAL_Driver/stm32g0xx_hal_uart_ex.o
                0x08003f58                HAL_UARTEx_DisableFifoMode
 .text.HAL_UARTEx_SetTxFifoThreshold
                0x08003fcc       0x7e ./Drivers/STM32G0xx_HAL_Driver/stm32g0xx_hal_uart_ex.o
                0x08003fcc                HAL_UARTEx_SetTxFifoThreshold
 *fill*         0x0800404a        0x2 
 .text.HAL_UARTEx_SetRxFifoThreshold
                0x0800404c       0x84 ./Drivers/STM32G0xx_HAL_Driver/stm32g0xx_hal_uart_ex.o
                0x0800404c                HAL_UARTEx_SetRxFifoThreshold
 .text.UARTEx_SetNbDataToProcess
                0x080040d0       0xbc ./Drivers/STM32G0xx_HAL_Driver/stm32g0xx_hal_uart_ex.o
 .text.memset   0x0800418c       0x10 C:/ST/STM32CubeIDE_1.19.0/STM32CubeIDE/plugins/com.st.stm32cube.ide.mcu.externaltools.gnu-tools-for-stm32.13.3.rel1.win32_1.0.0.202411081344/tools/bin/../lib/gcc/arm-none-eabi/13.3.1/../../../../arm-none-eabi/lib/thumb/v6-m/nofp\libc_nano.a(libc_a-memset.o)
                0x0800418c                memset
 .text.__libc_init_array
                0x0800419c       0x48 C:/ST/STM32CubeIDE_1.19.0/STM32CubeIDE/plugins/com.st.stm32cube.ide.mcu.externaltools.gnu-tools-for-stm32.13.3.rel1.win32_1.0.0.202411081344/tools/bin/../lib/gcc/arm-none-eabi/13.3.1/../../../../arm-none-eabi/lib/thumb/v6-m/nofp\libc_nano.a(libc_a-init.o)
                0x0800419c                __libc_init_array
 *(.glue_7)
 .glue_7        0x080041e4        0x0 linker stubs
 *(.glue_7t)
 .glue_7t       0x080041e4        0x0 linker stubs
 *(.eh_frame)
 .eh_frame      0x080041e4        0x0 C:/ST/STM32CubeIDE_1.19.0/STM32CubeIDE/plugins/com.st.stm32cube.ide.mcu.externaltools.gnu-tools-for-stm32.13.3.rel1.win32_1.0.0.202411081344/tools/bin/../lib/gcc/arm-none-eabi/13.3.1/thumb/v6-m/nofp/crtbegin.o
 *(.init)
 .init          0x080041e4        0x4 C:/ST/STM32CubeIDE_1.19.0/STM32CubeIDE/plugins/com.st.stm32cube.ide.mcu.externaltools.gnu-tools-for-stm32.13.3.rel1.win32_1.0.0.202411081344/tools/bin/../lib/gcc/arm-none-eabi/13.3.1/thumb/v6-m/nofp/crti.o
                0x080041e4                _init
 .init          0x080041e8        0x8 C:/ST/STM32CubeIDE_1.19.0/STM32CubeIDE/plugins/com.st.stm32cube.ide.mcu.externaltools.gnu-tools-for-stm32.13.3.rel1.win32_1.0.0.202411081344/tools/bin/../lib/gcc/arm-none-eabi/13.3.1/thumb/v6-m/nofp/crtn.o
 *(.fini)
 .fini          0x080041f0        0x4 C:/ST/STM32CubeIDE_1.19.0/STM32CubeIDE/plugins/com.st.stm32cube.ide.mcu.externaltools.gnu-tools-for-stm32.13.3.rel1.win32_1.0.0.202411081344/tools/bin/../lib/gcc/arm-none-eabi/13.3.1/thumb/v6-m/nofp/crti.o
                0x080041f0                _fini
 .fini          0x080041f4        0x8 C:/ST/STM32CubeIDE_1.19.0/STM32CubeIDE/plugins/com.st.stm32cube.ide.mcu.externaltools.gnu-tools-for-stm32.13.3.rel1.win32_1.0.0.202411081344/tools/bin/../lib/gcc/arm-none-eabi/13.3.1/thumb/v6-m/nofp/crtn.o
                0x080041fc                        . = ALIGN (0x4)
                0x080041fc                        _etext = .

.vfp11_veneer   0x080041fc        0x0
 .vfp11_veneer  0x080041fc        0x0 linker stubs

.v4_bx          0x080041fc        0x0
 .v4_bx         0x080041fc        0x0 linker stubs

.iplt           0x080041fc        0x0
 .iplt          0x080041fc        0x0 C:/ST/STM32CubeIDE_1.19.0/STM32CubeIDE/plugins/com.st.stm32cube.ide.mcu.externaltools.gnu-tools-for-stm32.13.3.rel1.win32_1.0.0.202411081344/tools/bin/../lib/gcc/arm-none-eabi/13.3.1/thumb/v6-m/nofp/crtbegin.o

.rodata         0x080041fc       0x9c
                0x080041fc                        . = ALIGN (0x4)
 *(.rodata)
 *(.rodata*)
 .rodata.g_cs_ports
                0x080041fc        0xc ./Core/Src/main.o
 .rodata.g_cs_pins
                0x08004208        0x6 ./Core/Src/main.o
 *fill*         0x0800420e        0x2 
 .rodata.AHBPrescTable
                0x08004210       0x40 ./Core/Src/system_stm32g0xx.o
                0x08004210                AHBPrescTable
 .rodata.APBPrescTable
                0x08004250       0x20 ./Core/Src/system_stm32g0xx.o
                0x08004250                APBPrescTable
 .rodata.UARTPrescTable
                0x08004270       0x18 ./Drivers/STM32G0xx_HAL_Driver/stm32g0xx_hal_uart.o
                0x08004270                UARTPrescTable
 .rodata.numerator.1
                0x08004288        0x8 ./Drivers/STM32G0xx_HAL_Driver/stm32g0xx_hal_uart_ex.o
 .rodata.denominator.0
                0x08004290        0x8 ./Drivers/STM32G0xx_HAL_Driver/stm32g0xx_hal_uart_ex.o
                0x08004298                        . = ALIGN (0x4)

.ARM.extab      0x08004298        0x0
                0x08004298                        . = ALIGN (0x4)
 *(.ARM.extab* .gnu.linkonce.armextab.*)
                0x08004298                        . = ALIGN (0x4)

.ARM            0x08004298        0x0
                0x08004298                        . = ALIGN (0x4)
                0x08004298                        __exidx_start = .
 *(.ARM.exidx*)
                0x08004298                        __exidx_end = .
                0x08004298                        . = ALIGN (0x4)

.preinit_array  0x08004298        0x0
                0x08004298                        . = ALIGN (0x4)
                0x08004298                        PROVIDE (__preinit_array_start = .)
 *(.preinit_array*)
                0x08004298                        PROVIDE (__preinit_array_end = .)
                0x08004298                        . = ALIGN (0x4)

.init_array     0x08004298        0x4
                0x08004298                        . = ALIGN (0x4)
                0x08004298                        PROVIDE (__init_array_start = .)
 *(SORT_BY_NAME(.init_array.*))
 *(.init_array*)
 .init_array    0x08004298        0x4 C:/ST/STM32CubeIDE_1.19.0/STM32CubeIDE/plugins/com.st.stm32cube.ide.mcu.externaltools.gnu-tools-for-stm32.13.3.rel1.win32_1.0.0.202411081344/tools/bin/../lib/gcc/arm-none-eabi/13.3.1/thumb/v6-m/nofp/crtbegin.o
                0x0800429c                        PROVIDE (__init_array_end = .)
                0x0800429c                        . = ALIGN (0x4)

.fini_array     0x0800429c        0x4
                0x0800429c                        . = ALIGN (0x4)
                [!provide]                        PROVIDE (__fini_array_start = .)
 *(SORT_BY_NAME(.fini_array.*))
 *(.fini_array*)
 .fini_array    0x0800429c        0x4 C:/ST/STM32CubeIDE_1.19.0/STM32CubeIDE/plugins/com.st.stm32cube.ide.mcu.externaltools.gnu-tools-for-stm32.13.3.rel1.win32_1.0.0.202411081344/tools/bin/../lib/gcc/arm-none-eabi/13.3.1/thumb/v6-m/nofp/crtbegin.o
                [!provide]                        PROVIDE (__fini_array_end = .)
                0x080042a0                        . = ALIGN (0x4)
                0x080042a0                        _sidata = LOADADDR (.data)

.rel.dyn        0x080042a0        0x0
 .rel.iplt      0x080042a0        0x0 C:/ST/STM32CubeIDE_1.19.0/STM32CubeIDE/plugins/com.st.stm32cube.ide.mcu.externaltools.gnu-tools-for-stm32.13.3.rel1.win32_1.0.0.202411081344/tools/bin/../lib/gcc/arm-none-eabi/13.3.1/thumb/v6-m/nofp/crtbegin.o

.data           0x20000000        0xc load address 0x080042a0
                0x20000000                        . = ALIGN (0x4)
                0x20000000                        _sdata = .
 *(.data)
 *(.data*)
 .data.SystemCoreClock
                0x20000000        0x4 ./Core/Src/system_stm32g0xx.o
                0x20000000                SystemCoreClock
 .data.uwTickPrio
                0x20000004        0x4 ./Drivers/STM32G0xx_HAL_Driver/stm32g0xx_hal.o
                0x20000004                uwTickPrio
 .data.uwTickFreq
                0x20000008        0x1 ./Drivers/STM32G0xx_HAL_Driver/stm32g0xx_hal.o
                0x20000008                uwTickFreq
 *(.RamFunc)
 *(.RamFunc*)
                0x2000000c                        . = ALIGN (0x4)
 *fill*         0x20000009        0x3 
                0x2000000c                        _edata = .

.igot.plt       0x2000000c        0x0 load address 0x080042ac
 .igot.plt      0x2000000c        0x0 C:/ST/STM32CubeIDE_1.19.0/STM32CubeIDE/plugins/com.st.stm32cube.ide.mcu.externaltools.gnu-tools-for-stm32.13.3.rel1.win32_1.0.0.202411081344/tools/bin/../lib/gcc/arm-none-eabi/13.3.1/thumb/v6-m/nofp/crtbegin.o
                0x2000000c                        . = ALIGN (0x4)

.bss            0x2000000c      0x180 load address 0x080042ac
                0x2000000c                        _sbss = .
                0x2000000c                        __bss_start__ = _sbss
 *(.bss)
 .bss           0x2000000c       0x1c C:/ST/STM32CubeIDE_1.19.0/STM32CubeIDE/plugins/com.st.stm32cube.ide.mcu.externaltools.gnu-tools-for-stm32.13.3.rel1.win32_1.0.0.202411081344/tools/bin/../lib/gcc/arm-none-eabi/13.3.1/thumb/v6-m/nofp/crtbegin.o
 *(.bss*)
 .bss.hspi1     0x20000028       0x64 ./Core/Src/main.o
                0x20000028                hspi1
 .bss.htim3     0x2000008c       0x4c ./Core/Src/main.o
                0x2000008c                htim3
 .bss.huart1    0x200000d8       0x94 ./Core/Src/main.o
                0x200000d8                huart1
 .bss.g_encoder
                0x2000016c        0xc ./Core/Src/main.o
 .bss.g_tick_due
                0x20000178        0x4 ./Core/Src/main.o
 .bss.g_time_ms
                0x2000017c        0x4 ./Core/Src/main.o
 .bss.g_sequence
                0x20000180        0x2 ./Core/Src/main.o
 .bss.g_uart_fault_streak
                0x20000182        0x1 ./Core/Src/main.o
 .bss.g_foot_pressed
                0x20000183        0x1 ./Core/Src/main.o
 .bss.g_foot_debounce_count
                0x20000184        0x1 ./Core/Src/main.o
 *fill*         0x20000185        0x3 
 .bss.uwTick    0x20000188        0x4 ./Drivers/STM32G0xx_HAL_Driver/stm32g0xx_hal.o
                0x20000188                uwTick
 *(COMMON)
                0x2000018c                        . = ALIGN (0x4)
                0x2000018c                        _ebss = .
                0x2000018c                        __bss_end__ = _ebss

._user_heap_stack
                0x2000018c      0x604 load address 0x080042ac
                0x20000190                        . = ALIGN (0x8)
 *fill*         0x2000018c        0x4 
                [!provide]                        PROVIDE (end = .)
                0x20000190                        PROVIDE (_end = .)
                0x20000390                        . = (. + _Min_Heap_Size)
 *fill*         0x20000190      0x200 
                0x20000790                        . = (. + _Min_Stack_Size)
 *fill*         0x20000390      0x400 
                0x20000790                        . = ALIGN (0x8)

/DISCARD/
 libc.a(*)
 libm.a(*)
 libgcc.a(*)

.ARM.attributes
                0x00000000       0x28
 *(.ARM.attributes)
 .ARM.attributes
                0x00000000       0x1e C:/ST/STM32CubeIDE_1.19.0/STM32CubeIDE/plugins/com.st.stm32cube.ide.mcu.externaltools.gnu-tools-for-stm32.13.3.rel1.win32_1.0.0.202411081344/tools/bin/../lib/gcc/arm-none-eabi/13.3.1/thumb/v6-m/nofp/crti.o
 .ARM.attributes
                0x0000001e       0x2c C:/ST/STM32CubeIDE_1.19.0/STM32CubeIDE/plugins/com.st.stm32cube.ide.mcu.externaltools.gnu-tools-for-stm32.13.3.rel1.win32_1.0.0.202411081344/tools/bin/../lib/gcc/arm-none-eabi/13.3.1/thumb/v6-m/nofp/crtbegin.o
 .ARM.attributes
                0x0000004a       0x2c ./Core/Src/main.o
 .ARM.attributes
                0x00000076       0x2c ./Core/Src/stm32g0xx_hal_msp.o
 .ARM.attributes
                0x000000a2       0x2c ./Core/Src/stm32g0xx_it.o
 .ARM.attributes
                0x000000ce       0x2c ./Core/Src/system_stm32g0xx.o
 .ARM.attributes
                0x000000fa       0x22 ./Core/Startup/startup_stm32g030f6px.o
 .ARM.attributes
                0x0000011c       0x2c ./Drivers/STM32G0xx_HAL_Driver/stm32g0xx_hal.o
 .ARM.attributes
                0x00000148       0x2c ./Drivers/STM32G0xx_HAL_Driver/stm32g0xx_hal_cortex.o
 .ARM.attributes
                0x00000174       0x2c ./Drivers/STM32G0xx_HAL_Driver/stm32g0xx_hal_gpio.o
 .ARM.attributes
                0x000001a0       0x2c ./Drivers/STM32G0xx_HAL_Driver/stm32g0xx_hal_pwr_ex.o
 .ARM.attributes
                0x000001cc       0x2c ./Drivers/STM32G0xx_HAL_Driver/stm32g0xx_hal_rcc.o
 .ARM.attributes
                0x000001f8       0x2c ./Drivers/STM32G0xx_HAL_Driver/stm32g0xx_hal_rcc_ex.o
 .ARM.attributes
                0x00000224       0x2c ./Drivers/STM32G0xx_HAL_Driver/stm32g0xx_hal_spi.o
 .ARM.attributes
                0x00000250       0x2c ./Drivers/STM32G0xx_HAL_Driver/stm32g0xx_hal_tim.o
 .ARM.attributes
                0x0000027c       0x2c ./Drivers/STM32G0xx_HAL_Driver/stm32g0xx_hal_tim_ex.o
 .ARM.attributes
                0x000002a8       0x2c ./Drivers/STM32G0xx_HAL_Driver/stm32g0xx_hal_uart.o
 .ARM.attributes
                0x000002d4       0x2c ./Drivers/STM32G0xx_HAL_Driver/stm32g0xx_hal_uart_ex.o
 .ARM.attributes
                0x00000300       0x2c C:/ST/STM32CubeIDE_1.19.0/STM32CubeIDE/plugins/com.st.stm32cube.ide.mcu.externaltools.gnu-tools-for-stm32.13.3.rel1.win32_1.0.0.202411081344/tools/bin/../lib/gcc/arm-none-eabi/13.3.1/../../../../arm-none-eabi/lib/thumb/v6-m/nofp\libc_nano.a(libc_a-memset.o)
 .ARM.attributes
                0x0000032c       0x2c C:/ST/STM32CubeIDE_1.19.0/STM32CubeIDE/plugins/com.st.stm32cube.ide.mcu.externaltools.gnu-tools-for-stm32.13.3.rel1.win32_1.0.0.202411081344/tools/bin/../lib/gcc/arm-none-eabi/13.3.1/../../../../arm-none-eabi/lib/thumb/v6-m/nofp\libc_nano.a(libc_a-init.o)
 .ARM.attributes
                0x00000358       0x1e C:/ST/STM32CubeIDE_1.19.0/STM32CubeIDE/plugins/com.st.stm32cube.ide.mcu.externaltools.gnu-tools-for-stm32.13.3.rel1.win32_1.0.0.202411081344/tools/bin/../lib/gcc/arm-none-eabi/13.3.1/thumb/v6-m/nofp\libgcc.a(_udivsi3.o)
 .ARM.attributes
                0x00000376       0x1e C:/ST/STM32CubeIDE_1.19.0/STM32CubeIDE/plugins/com.st.stm32cube.ide.mcu.externaltools.gnu-tools-for-stm32.13.3.rel1.win32_1.0.0.202411081344/tools/bin/../lib/gcc/arm-none-eabi/13.3.1/thumb/v6-m/nofp\libgcc.a(_divsi3.o)
 .ARM.attributes
                0x00000394       0x1e C:/ST/STM32CubeIDE_1.19.0/STM32CubeIDE/plugins/com.st.stm32cube.ide.mcu.externaltools.gnu-tools-for-stm32.13.3.rel1.win32_1.0.0.202411081344/tools/bin/../lib/gcc/arm-none-eabi/13.3.1/thumb/v6-m/nofp\libgcc.a(_dvmd_tls.o)
 .ARM.attributes
                0x000003b2       0x1e C:/ST/STM32CubeIDE_1.19.0/STM32CubeIDE/plugins/com.st.stm32cube.ide.mcu.externaltools.gnu-tools-for-stm32.13.3.rel1.win32_1.0.0.202411081344/tools/bin/../lib/gcc/arm-none-eabi/13.3.1/thumb/v6-m/nofp/crtn.o
OUTPUT(G030-second-encoder.elf elf32-littlearm)
LOAD linker stubs
LOAD C:/ST/STM32CubeIDE_1.19.0/STM32CubeIDE/plugins/com.st.stm32cube.ide.mcu.externaltools.gnu-tools-for-stm32.13.3.rel1.win32_1.0.0.202411081344/tools/bin/../lib/gcc/arm-none-eabi/13.3.1/../../../../arm-none-eabi/lib/thumb/v6-m/nofp\libc.a
LOAD C:/ST/STM32CubeIDE_1.19.0/STM32CubeIDE/plugins/com.st.stm32cube.ide.mcu.externaltools.gnu-tools-for-stm32.13.3.rel1.win32_1.0.0.202411081344/tools/bin/../lib/gcc/arm-none-eabi/13.3.1/../../../../arm-none-eabi/lib/thumb/v6-m/nofp\libm.a
LOAD C:/ST/STM32CubeIDE_1.19.0/STM32CubeIDE/plugins/com.st.stm32cube.ide.mcu.externaltools.gnu-tools-for-stm32.13.3.rel1.win32_1.0.0.202411081344/tools/bin/../lib/gcc/arm-none-eabi/13.3.1/thumb/v6-m/nofp\libgcc.a

.debug_info     0x00000000    0x11b51
 .debug_info    0x00000000     0x1bb0 ./Core/Src/main.o
 .debug_info    0x00001bb0     0x13b6 ./Core/Src/stm32g0xx_hal_msp.o
 .debug_info    0x00002f66      0x7d7 ./Core/Src/stm32g0xx_it.o
 .debug_info    0x0000373d      0x316 ./Core/Src/system_stm32g0xx.o
 .debug_info    0x00003a53       0x30 ./Core/Startup/startup_stm32g030f6px.o
 .debug_info    0x00003a83      0x8f0 ./Drivers/STM32G0xx_HAL_Driver/stm32g0xx_hal.o
 .debug_info    0x00004373      0x8a9 ./Drivers/STM32G0xx_HAL_Driver/stm32g0xx_hal_cortex.o
 .debug_info    0x00004c1c      0x5ac ./Drivers/STM32G0xx_HAL_Driver/stm32g0xx_hal_gpio.o
 .debug_info    0x000051c8      0x496 ./Drivers/STM32G0xx_HAL_Driver/stm32g0xx_hal_pwr_ex.o
 .debug_info    0x0000565e      0xae9 ./Drivers/STM32G0xx_HAL_Driver/stm32g0xx_hal_rcc.o
 .debug_info    0x00006147      0x73e ./Drivers/STM32G0xx_HAL_Driver/stm32g0xx_hal_rcc_ex.o
 .debug_info    0x00006885     0x164a ./Drivers/STM32G0xx_HAL_Driver/stm32g0xx_hal_spi.o
 .debug_info    0x00007ecf     0x2bc4 ./Drivers/STM32G0xx_HAL_Driver/stm32g0xx_hal_tim.o
 .debug_info    0x0000aa93     0x18b8 ./Drivers/STM32G0xx_HAL_Driver/stm32g0xx_hal_tim_ex.o
 .debug_info    0x0000c34b     0x4872 ./Drivers/STM32G0xx_HAL_Driver/stm32g0xx_hal_uart.o
 .debug_info    0x00010bbd      0xf94 ./Drivers/STM32G0xx_HAL_Driver/stm32g0xx_hal_uart_ex.o

.debug_abbrev   0x00000000     0x242f
 .debug_abbrev  0x00000000      0x38c ./Core/Src/main.o
 .debug_abbrev  0x0000038c      0x207 ./Core/Src/stm32g0xx_hal_msp.o
 .debug_abbrev  0x00000593      0x1bc ./Core/Src/stm32g0xx_it.o
 .debug_abbrev  0x0000074f      0x119 ./Core/Src/system_stm32g0xx.o
 .debug_abbrev  0x00000868       0x24 ./Core/Startup/startup_stm32g030f6px.o
 .debug_abbrev  0x0000088c      0x2b4 ./Drivers/STM32G0xx_HAL_Driver/stm32g0xx_hal.o
 .debug_abbrev  0x00000b40      0x2ab ./Drivers/STM32G0xx_HAL_Driver/stm32g0xx_hal_cortex.o
 .debug_abbrev  0x00000deb      0x1c3 ./Drivers/STM32G0xx_HAL_Driver/stm32g0xx_hal_gpio.o
 .debug_abbrev  0x00000fae      0x1d7 ./Drivers/STM32G0xx_HAL_Driver/stm32g0xx_hal_pwr_ex.o
 .debug_abbrev  0x00001185      0x2a9 ./Drivers/STM32G0xx_HAL_Driver/stm32g0xx_hal_rcc.o
 .debug_abbrev  0x0000142e      0x22b ./Drivers/STM32G0xx_HAL_Driver/stm32g0xx_hal_rcc_ex.o
 .debug_abbrev  0x00001659      0x27e ./Drivers/STM32G0xx_HAL_Driver/stm32g0xx_hal_spi.o
 .debug_abbrev  0x000018d7      0x2a2 ./Drivers/STM32G0xx_HAL_Driver/stm32g0xx_hal_tim.o
 .debug_abbrev  0x00001b79      0x2ab ./Drivers/STM32G0xx_HAL_Driver/stm32g0xx_hal_tim_ex.o
 .debug_abbrev  0x00001e24      0x326 ./Drivers/STM32G0xx_HAL_Driver/stm32g0xx_hal_uart.o
 .debug_abbrev  0x0000214a      0x2e5 ./Drivers/STM32G0xx_HAL_Driver/stm32g0xx_hal_uart_ex.o

.debug_aranges  0x00000000      0xfc0
 .debug_aranges
                0x00000000       0xd8 ./Core/Src/main.o
 .debug_aranges
                0x000000d8       0x50 ./Core/Src/stm32g0xx_hal_msp.o
 .debug_aranges
                0x00000128       0x48 ./Core/Src/stm32g0xx_it.o
 .debug_aranges
                0x00000170       0x28 ./Core/Src/system_stm32g0xx.o
 .debug_aranges
                0x00000198       0x28 ./Core/Startup/startup_stm32g030f6px.o
 .debug_aranges
                0x000001c0      0x100 ./Drivers/STM32G0xx_HAL_Driver/stm32g0xx_hal.o
 .debug_aranges
                0x000002c0       0xe8 ./Drivers/STM32G0xx_HAL_Driver/stm32g0xx_hal_cortex.o
 .debug_aranges
                0x000003a8       0x60 ./Drivers/STM32G0xx_HAL_Driver/stm32g0xx_hal_gpio.o
 .debug_aranges
                0x00000408       0x98 ./Drivers/STM32G0xx_HAL_Driver/stm32g0xx_hal_pwr_ex.o
 .debug_aranges
                0x000004a0       0xa0 ./Drivers/STM32G0xx_HAL_Driver/stm32g0xx_hal_rcc.o
 .debug_aranges
                0x00000540       0x40 ./Drivers/STM32G0xx_HAL_Driver/stm32g0xx_hal_rcc_ex.o
 .debug_aranges
                0x00000580      0x1d8 ./Drivers/STM32G0xx_HAL_Driver/stm32g0xx_hal_spi.o
 .debug_aranges
                0x00000758      0x3e0 ./Drivers/STM32G0xx_HAL_Driver/stm32g0xx_hal_tim.o
 .debug_aranges
                0x00000b38      0x198 ./Drivers/STM32G0xx_HAL_Driver/stm32g0xx_hal_tim_ex.o
 .debug_aranges
                0x00000cd0      0x248 ./Drivers/STM32G0xx_HAL_Driver/stm32g0xx_hal_uart.o
 .debug_aranges
                0x00000f18       0xa8 ./Drivers/STM32G0xx_HAL_Driver/stm32g0xx_hal_uart_ex.o

.debug_rnglists
                0x00000000      0xc74
 .debug_rnglists
                0x00000000       0xa7 ./Core/Src/main.o
 .debug_rnglists
                0x000000a7       0x39 ./Core/Src/stm32g0xx_hal_msp.o
 .debug_rnglists
                0x000000e0       0x31 ./Core/Src/stm32g0xx_it.o
 .debug_rnglists
                0x00000111       0x1a ./Core/Src/system_stm32g0xx.o
 .debug_rnglists
                0x0000012b       0x19 ./Core/Startup/startup_stm32g030f6px.o
 .debug_rnglists
                0x00000144       0xbc ./Drivers/STM32G0xx_HAL_Driver/stm32g0xx_hal.o
 .debug_rnglists
                0x00000200       0xaa ./Drivers/STM32G0xx_HAL_Driver/stm32g0xx_hal_cortex.o
 .debug_rnglists
                0x000002aa       0x45 ./Drivers/STM32G0xx_HAL_Driver/stm32g0xx_hal_gpio.o
 .debug_rnglists
                0x000002ef       0x72 ./Drivers/STM32G0xx_HAL_Driver/stm32g0xx_hal_pwr_ex.o
 .debug_rnglists
                0x00000361       0x79 ./Drivers/STM32G0xx_HAL_Driver/stm32g0xx_hal_rcc.o
 .debug_rnglists
                0x000003da       0x2f ./Drivers/STM32G0xx_HAL_Driver/stm32g0xx_hal_rcc_ex.o
 .debug_rnglists
                0x00000409      0x179 ./Drivers/STM32G0xx_HAL_Driver/stm32g0xx_hal_spi.o
 .debug_rnglists
                0x00000582      0x32b ./Drivers/STM32G0xx_HAL_Driver/stm32g0xx_hal_tim.o
 .debug_rnglists
                0x000008ad      0x14e ./Drivers/STM32G0xx_HAL_Driver/stm32g0xx_hal_tim_ex.o
 .debug_rnglists
                0x000009fb      0x1f9 ./Drivers/STM32G0xx_HAL_Driver/stm32g0xx_hal_uart.o
 .debug_rnglists
                0x00000bf4       0x80 ./Drivers/STM32G0xx_HAL_Driver/stm32g0xx_hal_uart_ex.o

.debug_macro    0x00000000    0x1531d
 .debug_macro   0x00000000      0x2b4 ./Core/Src/main.o
 .debug_macro   0x000002b4      0xaae ./Core/Src/main.o
 .debug_macro   0x00000d62      0x123 ./Core/Src/main.o
 .debug_macro   0x00000e85       0x2e ./Core/Src/main.o
 .debug_macro   0x00000eb3       0x28 ./Core/Src/main.o
 .debug_macro   0x00000edb       0x22 ./Core/Src/main.o
 .debug_macro   0x00000efd       0x8e ./Core/Src/main.o
 .debug_macro   0x00000f8b       0x51 ./Core/Src/main.o
 .debug_macro   0x00000fdc      0x103 ./Core/Src/main.o
 .debug_macro   0x000010df       0x6a ./Core/Src/main.o
 .debug_macro   0x00001149      0x1df ./Core/Src/main.o
 .debug_macro   0x00001328       0x1c ./Core/Src/main.o
 .debug_macro   0x00001344       0x22 ./Core/Src/main.o
 .debug_macro   0x00001366       0xd1 ./Core/Src/main.o
 .debug_macro   0x00001437      0x4da ./Core/Src/main.o
 .debug_macro   0x00001911      0x11f ./Core/Src/main.o
 .debug_macro   0x00001a30     0xa120 ./Core/Src/main.o
 .debug_macro   0x0000bb50       0x66 ./Core/Src/main.o
 .debug_macro   0x0000bbb6     0x3512 ./Core/Src/main.o
 .debug_macro   0x0000f0c8      0x190 ./Core/Src/main.o
 .debug_macro   0x0000f258       0x5c ./Core/Src/main.o
 .debug_macro   0x0000f2b4      0x462 ./Core/Src/main.o
 .debug_macro   0x0000f716      0xe1a ./Core/Src/main.o
 .debug_macro   0x00010530      0x106 ./Core/Src/main.o
 .debug_macro   0x00010636      0x1cf ./Core/Src/main.o
 .debug_macro   0x00010805       0xff ./Core/Src/main.o
 .debug_macro   0x00010904      0x33c ./Core/Src/main.o
 .debug_macro   0x00010c40      0x202 ./Core/Src/main.o
 .debug_macro   0x00010e42      0x2c7 ./Core/Src/main.o
 .debug_macro   0x00011109      0x198 ./Core/Src/main.o
 .debug_macro   0x000112a1       0x43 ./Core/Src/main.o
 .debug_macro   0x000112e4      0x1f1 ./Core/Src/main.o
 .debug_macro   0x000114d5      0x1d6 ./Core/Src/main.o
 .debug_macro   0x000116ab      0x2a3 ./Core/Src/main.o
 .debug_macro   0x0001194e       0x28 ./Core/Src/main.o
 .debug_macro   0x00011976       0xcf ./Core/Src/main.o
 .debug_macro   0x00011a45       0xff ./Core/Src/main.o
 .debug_macro   0x00011b44      0x10d ./Core/Src/main.o
 .debug_macro   0x00011c51      0x305 ./Core/Src/main.o
 .debug_macro   0x00011f56      0xac2 ./Core/Src/main.o
 .debug_macro   0x00012a18       0xfa ./Core/Src/main.o
 .debug_macro   0x00012b12      0x693 ./Core/Src/main.o
 .debug_macro   0x000131a5       0xa6 ./Core/Src/main.o
 .debug_macro   0x0001324b      0x412 ./Core/Src/main.o
 .debug_macro   0x0001365d       0x40 ./Core/Src/main.o
 .debug_macro   0x0001369d       0x22 ./Core/Src/main.o
 .debug_macro   0x000136bf      0x203 ./Core/Src/stm32g0xx_hal_msp.o
 .debug_macro   0x000138c2      0x20d ./Core/Src/stm32g0xx_it.o
 .debug_macro   0x00013acf      0x1f4 ./Core/Src/system_stm32g0xx.o
 .debug_macro   0x00013cc3      0x212 ./Drivers/STM32G0xx_HAL_Driver/stm32g0xx_hal.o
 .debug_macro   0x00013ed5      0x1f4 ./Drivers/STM32G0xx_HAL_Driver/stm32g0xx_hal_cortex.o
 .debug_macro   0x000140c9      0x1fb ./Drivers/STM32G0xx_HAL_Driver/stm32g0xx_hal_gpio.o
 .debug_macro   0x000142c4      0x206 ./Drivers/STM32G0xx_HAL_Driver/stm32g0xx_hal_pwr_ex.o
 .debug_macro   0x000144ca      0x236 ./Drivers/STM32G0xx_HAL_Driver/stm32g0xx_hal_rcc.o
 .debug_macro   0x00014700      0x20c ./Drivers/STM32G0xx_HAL_Driver/stm32g0xx_hal_rcc_ex.o
 .debug_macro   0x0001490c      0x1fc ./Drivers/STM32G0xx_HAL_Driver/stm32g0xx_hal_spi.o
 .debug_macro   0x00014b08      0x1fc ./Drivers/STM32G0xx_HAL_Driver/stm32g0xx_hal_tim.o
 .debug_macro   0x00014d04      0x1fa ./Drivers/STM32G0xx_HAL_Driver/stm32g0xx_hal_tim_ex.o
 .debug_macro   0x00014efe      0x21f ./Drivers/STM32G0xx_HAL_Driver/stm32g0xx_hal_uart.o
 .debug_macro   0x0001511d      0x200 ./Drivers/STM32G0xx_HAL_Driver/stm32g0xx_hal_uart_ex.o

.debug_line     0x00000000    0x13b52
 .debug_line    0x00000000      0xf03 ./Core/Src/main.o
 .debug_line    0x00000f03      0x985 ./Core/Src/stm32g0xx_hal_msp.o
 .debug_line    0x00001888      0x90f ./Core/Src/stm32g0xx_it.o
 .debug_line    0x00002197      0x90d ./Core/Src/system_stm32g0xx.o
 .debug_line    0x00002aa4       0x7b ./Core/Startup/startup_stm32g030f6px.o
 .debug_line    0x00002b1f      0xc08 ./Drivers/STM32G0xx_HAL_Driver/stm32g0xx_hal.o
 .debug_line    0x00003727      0xd20 ./Drivers/STM32G0xx_HAL_Driver/stm32g0xx_hal_cortex.o
 .debug_line    0x00004447      0xcdc ./Drivers/STM32G0xx_HAL_Driver/stm32g0xx_hal_gpio.o
 .debug_line    0x00005123      0xb16 ./Drivers/STM32G0xx_HAL_Driver/stm32g0xx_hal_pwr_ex.o
 .debug_line    0x00005c39     0x1146 ./Drivers/STM32G0xx_HAL_Driver/stm32g0xx_hal_rcc.o
 .debug_line    0x00006d7f      0xc63 ./Drivers/STM32G0xx_HAL_Driver/stm32g0xx_hal_rcc_ex.o
 .debug_line    0x000079e2     0x2113 ./Drivers/STM32G0xx_HAL_Driver/stm32g0xx_hal_spi.o
 .debug_line    0x00009af5     0x3d9d ./Drivers/STM32G0xx_HAL_Driver/stm32g0xx_hal_tim.o
 .debug_line    0x0000d892     0x1cc2 ./Drivers/STM32G0xx_HAL_Driver/stm32g0xx_hal_tim_ex.o
 .debug_line    0x0000f554     0x3760 ./Drivers/STM32G0xx_HAL_Driver/stm32g0xx_hal_uart.o
 .debug_line    0x00012cb4      0xe9e ./Drivers/STM32G0xx_HAL_Driver/stm32g0xx_hal_uart_ex.o

.debug_str      0x00000000    0x89206
 .debug_str     0x00000000    0x89206 ./Core/Src/main.o
                              0x85b23 (size before relaxing)
 .debug_str     0x00089206    0x854a6 ./Core/Src/stm32g0xx_hal_msp.o
 .debug_str     0x00089206    0x84c80 ./Core/Src/stm32g0xx_it.o
 .debug_str     0x00089206    0x84648 ./Core/Src/system_stm32g0xx.o
 .debug_str     0x00089206       0x75 ./Core/Startup/startup_stm32g030f6px.o
 .debug_str     0x00089206    0x84d12 ./Drivers/STM32G0xx_HAL_Driver/stm32g0xx_hal.o
 .debug_str     0x00089206    0x84ad2 ./Drivers/STM32G0xx_HAL_Driver/stm32g0xx_hal_cortex.o
 .debug_str     0x00089206    0x847b5 ./Drivers/STM32G0xx_HAL_Driver/stm32g0xx_hal_gpio.o
 .debug_str     0x00089206    0x848d4 ./Drivers/STM32G0xx_HAL_Driver/stm32g0xx_hal_pwr_ex.o
 .debug_str     0x00089206    0x84da4 ./Drivers/STM32G0xx_HAL_Driver/stm32g0xx_hal_rcc.o
 .debug_str     0x00089206    0x849bc ./Drivers/STM32G0xx_HAL_Driver/stm32g0xx_hal_rcc_ex.o
 .debug_str     0x00089206    0x85060 ./Drivers/STM32G0xx_HAL_Driver/stm32g0xx_hal_spi.o
 .debug_str     0x00089206    0x85bc8 ./Drivers/STM32G0xx_HAL_Driver/stm32g0xx_hal_tim.o
 .debug_str     0x00089206    0x85550 ./Drivers/STM32G0xx_HAL_Driver/stm32g0xx_hal_tim_ex.o
 .debug_str     0x00089206    0x8564b ./Drivers/STM32G0xx_HAL_Driver/stm32g0xx_hal_uart.o
 .debug_str     0x00089206    0x84f0a ./Drivers/STM32G0xx_HAL_Driver/stm32g0xx_hal_uart_ex.o

.comment        0x00000000       0x43
 .comment       0x00000000       0x43 ./Core/Src/main.o
                                 0x44 (size before relaxing)
 .comment       0x00000043       0x44 ./Core/Src/stm32g0xx_hal_msp.o
 .comment       0x00000043       0x44 ./Core/Src/stm32g0xx_it.o
 .comment       0x00000043       0x44 ./Core/Src/system_stm32g0xx.o
 .comment       0x00000043       0x44 ./Drivers/STM32G0xx_HAL_Driver/stm32g0xx_hal.o
 .comment       0x00000043       0x44 ./Drivers/STM32G0xx_HAL_Driver/stm32g0xx_hal_cortex.o
 .comment       0x00000043       0x44 ./Drivers/STM32G0xx_HAL_Driver/stm32g0xx_hal_gpio.o
 .comment       0x00000043       0x44 ./Drivers/STM32G0xx_HAL_Driver/stm32g0xx_hal_pwr_ex.o
 .comment       0x00000043       0x44 ./Drivers/STM32G0xx_HAL_Driver/stm32g0xx_hal_rcc.o
 .comment       0x00000043       0x44 ./Drivers/STM32G0xx_HAL_Driver/stm32g0xx_hal_rcc_ex.o
 .comment       0x00000043       0x44 ./Drivers/STM32G0xx_HAL_Driver/stm32g0xx_hal_spi.o
 .comment       0x00000043       0x44 ./Drivers/STM32G0xx_HAL_Driver/stm32g0xx_hal_tim.o
 .comment       0x00000043       0x44 ./Drivers/STM32G0xx_HAL_Driver/stm32g0xx_hal_tim_ex.o
 .comment       0x00000043       0x44 ./Drivers/STM32G0xx_HAL_Driver/stm32g0xx_hal_uart.o
 .comment       0x00000043       0x44 ./Drivers/STM32G0xx_HAL_Driver/stm32g0xx_hal_uart_ex.o

.debug_frame    0x00000000     0x39b4
 .debug_frame   0x00000000      0x310 ./Core/Src/main.o
 .debug_frame   0x00000310       0xf0 ./Core/Src/stm32g0xx_hal_msp.o
 .debug_frame   0x00000400       0xb8 ./Core/Src/stm32g0xx_it.o
 .debug_frame   0x000004b8       0x4c ./Core/Src/system_stm32g0xx.o
 .debug_frame   0x00000504      0x360 ./Drivers/STM32G0xx_HAL_Driver/stm32g0xx_hal.o
 .debug_frame   0x00000864      0x33c ./Drivers/STM32G0xx_HAL_Driver/stm32g0xx_hal_cortex.o
 .debug_frame   0x00000ba0      0x130 ./Drivers/STM32G0xx_HAL_Driver/stm32g0xx_hal_gpio.o
 .debug_frame   0x00000cd0      0x1f4 ./Drivers/STM32G0xx_HAL_Driver/stm32g0xx_hal_pwr_ex.o
 .debug_frame   0x00000ec4      0x214 ./Drivers/STM32G0xx_HAL_Driver/stm32g0xx_hal_rcc.o
 .debug_frame   0x000010d8       0xb4 ./Drivers/STM32G0xx_HAL_Driver/stm32g0xx_hal_rcc_ex.o
 .debug_frame   0x0000118c      0x710 ./Drivers/STM32G0xx_HAL_Driver/stm32g0xx_hal_spi.o
 .debug_frame   0x0000189c      0xf40 ./Drivers/STM32G0xx_HAL_Driver/stm32g0xx_hal_tim.o
 .debug_frame   0x000027dc      0x620 ./Drivers/STM32G0xx_HAL_Driver/stm32g0xx_hal_tim_ex.o
 .debug_frame   0x00002dfc      0x8d4 ./Drivers/STM32G0xx_HAL_Driver/stm32g0xx_hal_uart.o
 .debug_frame   0x000036d0      0x258 ./Drivers/STM32G0xx_HAL_Driver/stm32g0xx_hal_uart_ex.o
 .debug_frame   0x00003928       0x20 C:/ST/STM32CubeIDE_1.19.0/STM32CubeIDE/plugins/com.st.stm32cube.ide.mcu.externaltools.gnu-tools-for-stm32.13.3.rel1.win32_1.0.0.202411081344/tools/bin/../lib/gcc/arm-none-eabi/13.3.1/../../../../arm-none-eabi/lib/thumb/v6-m/nofp\libc_nano.a(libc_a-memset.o)
 .debug_frame   0x00003948       0x2c C:/ST/STM32CubeIDE_1.19.0/STM32CubeIDE/plugins/com.st.stm32cube.ide.mcu.externaltools.gnu-tools-for-stm32.13.3.rel1.win32_1.0.0.202411081344/tools/bin/../lib/gcc/arm-none-eabi/13.3.1/../../../../arm-none-eabi/lib/thumb/v6-m/nofp\libc_nano.a(libc_a-init.o)
 .debug_frame   0x00003974       0x20 C:/ST/STM32CubeIDE_1.19.0/STM32CubeIDE/plugins/com.st.stm32cube.ide.mcu.externaltools.gnu-tools-for-stm32.13.3.rel1.win32_1.0.0.202411081344/tools/bin/../lib/gcc/arm-none-eabi/13.3.1/thumb/v6-m/nofp\libgcc.a(_udivsi3.o)
 .debug_frame   0x00003994       0x20 C:/ST/STM32CubeIDE_1.19.0/STM32CubeIDE/plugins/com.st.stm32cube.ide.mcu.externaltools.gnu-tools-for-stm32.13.3.rel1.win32_1.0.0.202411081344/tools/bin/../lib/gcc/arm-none-eabi/13.3.1/thumb/v6-m/nofp\libgcc.a(_divsi3.o)

.debug_line_str
                0x00000000       0x59
 .debug_line_str
                0x00000000       0x59 ./Core/Startup/startup_stm32g030f6px.o
