../Core/Src/leg_pd_poc.c:242:14:clampf	24	static
../Core/Src/leg_pd_poc.c:249:17:get_u16_le	16	static
../Core/Src/leg_pd_poc.c:254:17:get_u32_le	16	static
../Core/Src/leg_pd_poc.c:262:13:put_u32_le	16	static
../Core/Src/leg_pd_poc.c:270:13:put_float_le	24	static
../Core/Src/leg_pd_poc.c:277:17:crc16_ccitt_false	24	static
../Core/Src/leg_pd_poc.c:292:17:odrive_id	16	static
../Core/Src/leg_pd_poc.c:297:13:board_motor_power_set	16	static
../Core/Src/leg_pd_poc.c:308:13:board_peripheral_5v_enable	8	static
../Core/Src/leg_pd_poc.c:318:13:update_status_led	24	static
../Core/Src/leg_pd_poc.c:355:13:can1_send	64	static
../Core/Src/leg_pd_poc.c:398:13:motor_send_torque	24	static
../Core/Src/leg_pd_poc.c:405:13:motor_send_axis_state	24	static
../Core/Src/leg_pd_poc.c:418:17:sample_age_ms	24	static
../Core/Src/leg_pd_poc.c:424:13:g030_is_healthy	24	static
../Core/Src/leg_pd_poc.c:436:13:can_is_healthy	24	static
../Core/Src/leg_pd_poc.c:448:13:set_fault	16	static
../Core/Src/leg_pd_poc.c:458:13:send_zero_and_idle_once	16	static
../Core/Src/leg_pd_poc.c:470:13:disarm	16	static
../Core/Src/leg_pd_poc.c:487:13:request_board_power_off	16	static
../Core/Src/leg_pd_poc.c:494:13:update_encoder_from_g030	32	static
../Core/Src/leg_pd_poc.c:528:13:process_g030_byte	32	static
../Core/Src/leg_pd_poc.c:580:13:pc_append_byte	16	static
../Core/Src/leg_pd_poc.c:598:13:uart_start_receivers	8	static
../Core/Src/leg_pd_poc.c:612:6:HAL_UARTEx_RxEventCallback	24	static
../Core/Src/leg_pd_poc.c:629:6:HAL_UART_ErrorCallback	16	static
../Core/Src/leg_pd_poc.c:638:6:HAL_UART_TxCpltCallback	16	static
../Core/Src/leg_pd_poc.c:647:6:can_parse_feedback	32	static
../Core/Src/leg_pd_poc.c:667:13:capture_zero	16	static
../Core/Src/leg_pd_poc.c:682:13:arm_if_safe	16	static
../Core/Src/leg_pd_poc.c:716:13:all_axes_closed_loop	16	static
../Core/Src/leg_pd_poc.c:727:13:service_arm_sequence	40	static
../Core/Src/leg_pd_poc.c:779:13:handle_pc_line	56	static
../Core/Src/leg_pd_poc.c:868:6:LegPdPoc_Init	8	static
../Core/Src/leg_pd_poc.c:888:6:LegPdPoc_Control1kHz	40	static
../Core/Src/leg_pd_poc.c:976:6:LegPdPoc_Service	288	static
